// Jest Snapshot v1, https://goo.gl/fbAQLP

exports[`Results component should match the snapshot 1`] = `
<div>
  <h3>
    Our Best Guess
  </h3>
  <ul
    class="list"
  />
</div>
`;
