// Jest Snapshot v1, https://goo.gl/fbAQLP

exports[`Results component should match the snapshot 1`] = `
<div>
  <div>
    <h3>
      Our Best Guess is:
    </h3>
    <div
      class="results-container"
    />
  </div>
</div>
`;
